Building rpgCore Godot C# project...

  Determining projects to restore...
  All projects are up-to-date for restore.
C:\Github\rpgCore\godot_project\Rendering\GameEntityRenderer.cs(1,1): error CS1035: End-of-file found, '*/' expected [C:\Github\rpgCore\godot_project\rpgCore.Godot.csproj]
C:\Github\rpgCore\godot_project\Server\GameServer.cs(1,1): error CS1035: End-of-file found, '*/' expected [C:\Github\rpgCore\godot_project\rpgCore.Godot.csproj]

Build FAILED.

C:\Github\rpgCore\godot_project\Rendering\GameEntityRenderer.cs(1,1): error CS1035: End-of-file found, '*/' expected [C:\Github\rpgCore\godot_project\rpgCore.Godot.csproj]
C:\Github\rpgCore\godot_project\Server\GameServer.cs(1,1): error CS1035: End-of-file found, '*/' expected [C:\Github\rpgCore\godot_project\rpgCore.Godot.csproj]
    0 Warning(s)
    2 Error(s)

Time Elapsed 00:00:01.03

[FAILED] Build failed with errors. See output above.

Press any key to continue . . . 
Terminate batch job (Y/N)? Terminate batch job (Y/N)? 
