============================= test session starts =============================
platform win32 -- Python 3.14.0, pytest-7.4.4, pluggy-1.6.0 -- C:\Python314\python.exe
cachedir: .pytest_cache
rootdir: C:\Github\rpgCore
collecting ... collected 0 items / 1 error

=================================== ERRORS ====================================
________________ ERROR collecting tests/test_asteroid_pilot.py ________________
ImportError while importing test module 'C:\Github\rpgCore\tests\test_asteroid_pilot.py'.
Hint: make sure your test modules/packages have valid Python names.
Traceback:
C:\Python314\Lib\importlib\__init__.py:88: in import_module
    return _bootstrap._gcd_import(name[level:], package, level)
tests\test_asteroid_pilot.py:19: in <module>
    from actors.asteroid_pilot import AsteroidPilot, SteeringConfig, SurvivalLog
src\actors\__init__.py:16: in <module>
    from .ai_controller import (
src\actors\ai_controller.py:27: in <module>
    from engines.kernel.config import VoyagerConfig
E   ImportError: cannot import name 'VoyagerConfig' from 'engines.kernel.config' (C:\Github\rpgCore\src\engines\kernel\config.py)
------------------------------- Captured stderr -------------------------------
2026-02-10 23:42:16.875 | DEBUG    | engines.kernel.models:__init__:355 - \U0001f4e6 AssetRegistry initialized: src\\dgt_core\\assets\n2026-02-10 23:42:16.937 | WARNING  | engines.body.tri_modal_engine:<module>:28 - \u26a0\ufe0f Tri-Modal Display Suite not available: No module named 'body.dispatcher'\n2026-02-10 23:42:17.031 | WARNING  | engines.body.graphics_engine:<module>:37 - \u26a0\ufe0f Could not import DGT kernel state: No module named 'dgt_core'
============================== warnings summary ===============================
src\engines\body\dispatcher.py:46
  C:\Github\rpgCore\src\engines\body\dispatcher.py:46: PydanticDeprecatedSince20: Support for class-based `config` is deprecated, use ConfigDict instead. Deprecated in Pydantic V2.0 to be removed in V3.0. See Pydantic V2 Migration Guide at https://errors.pydantic.dev/2.12/migration/
    class RenderPacket(BaseModel):

src\engines\kernel\models.py:68
  C:\Github\rpgCore\src\engines\kernel\models.py:68: PydanticDeprecatedSince20: Pydantic V1 style `@validator` validators are deprecated. You should migrate to Pydantic V2 style `@field_validator` validators, see the migration guide for more details. Deprecated in Pydantic V2.0 to be removed in V3.0. See Pydantic V2 Migration Guide at https://errors.pydantic.dev/2.12/migration/
    @validator('layers', pre=True)

src\engines\kernel\models.py:75
  C:\Github\rpgCore\src\engines\kernel\models.py:75: PydanticDeprecatedSince20: Pydantic V1 style `@validator` validators are deprecated. You should migrate to Pydantic V2 style `@field_validator` validators, see the migration guide for more details. Deprecated in Pydantic V2.0 to be removed in V3.0. See Pydantic V2 Migration Guide at https://errors.pydantic.dev/2.12/migration/
    @validator('hud', pre=True)

src\engines\kernel\models.py:57
  C:\Github\rpgCore\src\engines\kernel\models.py:57: PydanticDeprecatedSince20: Support for class-based `config` is deprecated, use ConfigDict instead. Deprecated in Pydantic V2.0 to be removed in V3.0. See Pydantic V2 Migration Guide at https://errors.pydantic.dev/2.12/migration/
    class RenderPacket(BaseModel):

src\engines\kernel\models.py:157
  C:\Github\rpgCore\src\engines\kernel\models.py:157: PydanticDeprecatedSince20: Using extra keyword arguments on `Field` is deprecated and will be removed. Use `json_schema_extra` instead. (Extra keys: 'e'). Deprecated in Pydantic V2.0 to be removed in V3.0. See Pydantic V2 Migration Guide at https://errors.pydantic.dev/2.12/migration/
    emissivity: float = Field(default=0.0, ge=0.0, e=1.0, description="Emissivity coefficient")

src\engines\kernel\models.py:173
  C:\Github\rpgCore\src\engines\kernel\models.py:173: PydanticDeprecatedSince20: Pydantic V1 style `@validator` validators are deprecated. You should migrate to Pydantic V2 style `@field_validator` validators, see the migration guide for more details. Deprecated in Pydantic V2.0 to be removed in V3.0. See Pydantic V2 Migration Guide at https://errors.pydantic.dev/2.12/migration/
    @validator('accent_color')

src\engines\kernel\models.py:139
  C:\Github\rpgCore\src\engines\kernel\models.py:139: PydanticDeprecatedSince20: Support for class-based `config` is deprecated, use ConfigDict instead. Deprecated in Pydantic V2.0 to be removed in V3.0. See Pydantic V2 Migration Guide at https://errors.pydantic.dev/2.12/migration/
    class MaterialAsset(BaseModel):

src\engines\kernel\models.py:208
  C:\Github\rpgCore\src\engines\kernel\models.py:208: PydanticDeprecatedSince20: Support for class-based `config` is deprecated, use ConfigDict instead. Deprecated in Pydantic V2.0 to be removed in V3.0. See Pydantic V2 Migration Guide at https://errors.pydantic.dev/2.12/migration/
    class EntityBlueprint(BaseModel):

src\engines\kernel\models.py:292
  C:\Github\rpgCore\src\engines\kernel\models.py:292: PydanticDeprecatedSince20: Support for class-based `config` is deprecated, use ConfigDict instead. Deprecated in Pydantic V2.0 to be removed in V3.0. See Pydantic V2 Migration Guide at https://errors.pydantic.dev/2.12/migration/
    class StoryFragment(BaseModel):

src\engines\kernel\models.py:524
  C:\Github\rpgCore\src\engines\kernel\models.py:524: PydanticDeprecatedSince20: Pydantic V1 style `@validator` validators are deprecated. You should migrate to Pydantic V2 style `@field_validator` validators, see the migration guide for more details. Deprecated in Pydantic V2.0 to be removed in V3.0. See Pydantic V2 Migration Guide at https://errors.pydantic.dev/2.12/migration/
    @validator('window_width', 'window_height')

src\engines\kernel\models.py:531
  C:\Github\rpgCore\src\engines\kernel\models.py:531: PydanticDeprecatedSince20: Pydantic V1 style `@validator` validators are deprecated. You should migrate to Pydantic V2 style `@field_validator` validators, see the migration guide for more details. Deprecated in Pydantic V2.0 to be removed in V3.0. See Pydantic V2 Migration Guide at https://errors.pydantic.dev/2.12/migration/
    @validator('ppu_scale')

src\engines\kernel\models.py:496
  C:\Github\rpgCore\src\engines\kernel\models.py:496: PydanticDeprecatedSince20: Support for class-based `config` is deprecated, use ConfigDict instead. Deprecated in Pydantic V2.0 to be removed in V3.0. See Pydantic V2 Migration Guide at https://errors.pydantic.dev/2.12/migration/
    class ViewportLayout(BaseModel):

src\engines\kernel\models.py:582
  C:\Github\rpgCore\src\engines\kernel\models.py:582: PydanticDeprecatedSince20: Support for class-based `config` is deprecated, use ConfigDict instead. Deprecated in Pydantic V2.0 to be removed in V3.0. See Pydantic V2 Migration Guide at https://errors.pydantic.dev/2.12/migration/
    class ScaleBucket(BaseModel):

src\engines\kernel\models.py:635
  C:\Github\rpgCore\src\engines\kernel\models.py:635: PydanticDeprecatedSince20: Support for class-based `config` is deprecated, use ConfigDict instead. Deprecated in Pydantic V2.0 to be removed in V3.0. See Pydantic V2 Migration Guide at https://errors.pydantic.dev/2.12/migration/
    class OverlayComponent(BaseModel):

-- Docs: https://docs.pytest.org/en/stable/how-to/capture-warnings.html
=========================== short test summary info ===========================
ERROR tests/test_asteroid_pilot.py
!!!!!!!!!!!!!!!!!!! Interrupted: 1 error during collection !!!!!!!!!!!!!!!!!!!!
======================== 14 warnings, 1 error in 1.02s ========================
